Microchip MPLAB XC8 Compiler V2.45

Linker command line:

-W-3 \
  --edf=C:\Program Files\Microchip\xc8\v2.45\pic\dat\20230818022343_en.msgs \
  -cn -h+dist/default/production\potUART.X.production.sym \
  --cmf=dist/default/production\potUART.X.production.cmf -z -Q18F45K50 \
  -oC:\Users\gator\AppData\Local\Temp\xcAsblk.\driver_tmp_3.o \
  --defsym=__MPLAB_BUILD=1 --fixupoverflow=error \
  -Mdist/default/production/potUART.X.production.map \
  --md=C:\Users\gator\AppData\Local\Temp\xcAsblk.\driver_tmp_0.dat -E1 \
  -ver=XC8 Compiler --acfsm=1493 -ACODE=00h-07FFFh -ACONST=00h-07FFFh \
  -ASMALLCONST=0800h-08FFhx120 -AMEDIUMCONST=0800h-07FFFh -ACOMRAM=01h-05Fh \
  -AABS1=00h-07FFh -ABIGRAM=01h-07FFh -ARAM=060h-0FFh,0100h-01FFhx7 \
  -ABANK0=060h-0FFh -ABANK1=0100h-01FFh -ABANK2=0200h-02FFh \
  -ABANK3=0300h-03FFh -ABANK4=0400h-04FFh -ABANK5=0500h-05FFh \
  -ABANK6=0600h-06FFh -ABANK7=0700h-07FFh -ASFR=0F53h-0F5Fh,0F60h-0FFFh \
  -ABIGSFR=0F53h-0FFFh -ACONFIG=0300000h-030000Dh -AIDLOC=0200000h-0200007h \
  -AEEDATA=0F00000h-0F000FFh -peeprom_data=EEDATA \
  -preset_vec=00h,intcode,intcodelo,powerup,init -pramtop=0800h \
  -psmallconst=SMALLCONST -pmediumconst=MEDIUMCONST -pconst=CONST \
  -AFARRAM=00h-00h \
  -prdata=COMRAM,nvrram=COMRAM,nvbit=COMRAM,rbss=COMRAM,rbit=COMRAM \
  -pfarbss=FARRAM,fardata=FARRAM,nvFARRAM=FARRAM \
  -pintsave_regs=BIGRAM,bigbss=BIGRAM,bigdata=BIGRAM -pbss=RAM \
  -pidata=CODE,irdata=CODE,ibigdata=CODE,ifardata=CODE -prparam=COMRAM \
  C:\Users\gator\AppData\Local\Temp\xcAsblk.\driver_tmp_14.o \
  dist/default/production\potUART.X.production.o 

Object code version is 3.11

Machine type is 18F45K50



                Name                               Link     Load   Length Selector   Space Scale
C:\Users\gator\AppData\Local\Temp\xcAsblk.\driver_tmp_14.o
                config                           300000   300000        E        0       4
                init                                  0        0        4        0       0
dist/default/production\potUART.X.production.o
                config                           300000   300000        E        0       4
                smallconst                          800      800        6      400       0
                text12                              D2A      D2A       22      403       0
                text11                              D4C      D4C       18      403       0
                text10                              D64      D64       14      403       0
                text9                               C66      C66       36      403       0
                text8                               9AE      9AE       C4      403       0
                text7                               A72      A72       B0      403       0
                text6                               CD0      CD0       34      403       0
                text5                               D78      D78        2      403       0
                text4                               B22      B22       AA      403       0
                text3                               806      806      1A8      403       0
                text2                               C2C      C2C       3A      403       0
                text1                               C9C      C9C       34      403       0
                text0                               BCC      BCC       60      403       0
                cstackCOMRAM                          1        1       2C        1       1
                bssBANK0                             60       60       28       60       1
                bssCOMRAM                            2D       2D       25        1       1
                cinit                               D04      D04       26      403       0

TOTAL           Name                               Link     Load   Length     Space
        CLASS   CODE           
                init                                  0        0        4         0
                text12                              D2A      D2A       22         0
                text11                              D4C      D4C       18         0
                text10                              D64      D64       14         0
                text9                               C66      C66       36         0
                text8                               9AE      9AE       C4         0
                text7                               A72      A72       B0         0
                text6                               CD0      CD0       34         0
                text5                               D78      D78        2         0
                text4                               B22      B22       AA         0
                text3                               806      806      1A8         0
                text2                               C2C      C2C       3A         0
                text1                               C9C      C9C       34         0
                text0                               BCC      BCC       60         0
                cinit                               D04      D04       26         0

        CLASS   CONST          

        CLASS   SMALLCONST     
                smallconst                          800      800        6         0

        CLASS   MEDIUMCONST    

        CLASS   COMRAM         
                cstackCOMRAM                          1        1       2C         1
                bssCOMRAM                            2D       2D       25         1

        CLASS   ABS1           

        CLASS   BIGRAM         

        CLASS   RAM            

        CLASS   BANK0          
                bssBANK0                             60       60       28         1

        CLASS   BANK1          

        CLASS   BANK2          

        CLASS   BANK3          

        CLASS   BANK4          

        CLASS   BANK5          

        CLASS   BANK6          

        CLASS   BANK7          

        CLASS   SFR            

        CLASS   BIGSFR         

        CLASS   CONFIG         
                config                           300000   300000        E         4

        CLASS   IDLOC          

        CLASS   EEDATA         

        CLASS   FARRAM         

        CLASS   HEAP           

        CLASS   STACK          



SEGMENTS        Name                           Load    Length   Top    Selector   Space  Class

                reset_vec                      000000  000004  000004         0       0  CODE    
                cstackCOMRAM                   000001  000051  000052         1       1  COMRAM  
                bssBANK0                       000060  000028  000088        60       1  BANK0   
                smallconst                     000800  000006  000806       400       0  SMALLCON
                text3                          000806  000574  000D7A       403       0  CODE    


UNUSED ADDRESS RANGES

        Name                Unused          Largest block    Delta
        BANK0            000088-0000FF               78
        BANK1            000100-0001FF              100
        BANK2            000200-0002FF              100
        BANK3            000300-0003FF              100
        BANK4            000400-0004FF              100
        BANK5            000500-0005FF              100
        BANK6            000600-0006FF              100
        BANK7            000700-0007FF              100
        BIGRAM           000052-00005F                E
                         000088-0007FF              778
        BIGSFR           000F53-000FFF               AD
        CODE             000004-0007FF              7FC
                         000D7A-007FFF             7286
        COMRAM           000052-00005F                E
        CONST            000004-0007FF              7FC
                         000D7A-007FFF             7286
        EEDATA           F00000-F000FF              100
        IDLOC            200000-200007                8
        MEDIUMCONST      000D7A-007FFF             7286
        RAM              000088-0007FF              100
        SFR              000F53-000FFF                D
        SMALLCONST       000D7A-007FFF              100

                                  Symbol Table

?___awdiv                cstackCOMRAM 000001
?___awmod                cstackCOMRAM 000001
?_abs                    cstackCOMRAM 000007
?_sprintf                cstackCOMRAM 00001A
?_vfprintf               cstackCOMRAM 000016
USART_Transmit@str       cstackCOMRAM 000001
_ADCON0bits              (abs)        000FC2
_ADCON1bits              (abs)        000FC1
_ADCON2bits              (abs)        000FC0
_ADC_Init                text12       000D2A
_ADRESL                  (abs)        000FC3
_ANSELA                  (abs)        000F5B
_ANSELC                  (abs)        000F5D
_ANSELD                  (abs)        000F5E
_GPIO_Init               text11       000D4C
_OSCCON                  (abs)        000FD3
_OSCCON2                 (abs)        000FD2
_PORTD                   (abs)        000F83
_RCREG                   (abs)        000FAE
_RCSTAbits               (abs)        000FAB
_SPBRG                   (abs)        000FAF
_TRISA                   (abs)        000F92
_TRISCbits               (abs)        000F94
_TRISD                   (abs)        000F95
_TXREG                   (abs)        000FAD
_TXSTAbits               (abs)        000FAC
_USART_Init              text10       000D64
_USART_Transmit          text9        000C66
__HRAM                   (abs)        000000
__H__absolute__          __absolute__ 000000
__Habs1                  abs1         000000
__Hbank0                 bank0        000000
__Hbank1                 bank1        000000
__Hbank2                 bank2        000000
__Hbank3                 bank3        000000
__Hbank4                 bank4        000000
__Hbank5                 bank5        000000
__Hbank6                 bank6        000000
__Hbank7                 bank7        000000
__Hbigbss                bigbss       000000
__Hbigdata               bigdata      000000
__Hbigram                bigram       000000
__Hbigsfr                bigsfr       000000
__Hbss                   bss          000000
__HbssBANK0              bssBANK0     000000
__HbssCOMRAM             bssCOMRAM    000000
__Hcinit                 cinit        000000
__Hclrtext               clrtext      000000
__Hcomram                comram       000000
__Hconfig                config       30000E
__Hconst                 const        000000
__HcstackCOMRAM          cstackCOMRAM 000000
__Hdata                  data         000000
__Heeprom_data           eeprom_data  000000
__Hfarbss                farbss       000000
__Hfardata               fardata      000000
__Hheap                  heap         000000
__Hibigdata              ibigdata     000000
__Hidata                 idata        000000
__Hidloc                 idloc        000000
__Hifardata              ifardata     000000
__Hinit                  init         000004
__Hintcode               intcode      000000
__Hintcode_body          intcode_body 000000
__Hintcodelo             intcodelo    000000
__Hintentry              intentry     000000
__Hintret                intret       000000
__Hintsave_regs          intsave_regs 000000
__Hirdata                irdata       000000
__Hmediumconst           mediumconst  000000
__HnvFARRAM              nvFARRAM     000000
__Hnvbit                 nvbit        000000
__Hnvrram                nvrram       000000
__Hparam                 rparam       000000
__Hpowerup               powerup      000000
__Hram                   ram          000000
__Hramtop                ramtop       000800
__Hrbit                  rbit         000000
__Hrbss                  rbss         000000
__Hrdata                 rdata        000000
__Hreset_vec             reset_vec    000000
__Hrparam                rparam       000000
__Hsfr                   sfr          000000
__Hsmallconst            smallconst   000806
__Hspace_0               (abs)        000D7A
__Hspace_1               (abs)        000088
__Hspace_2               (abs)        000000
__Hspace_4               (abs)        60000E
__Hstack                 stack        000000
__Hstruct                struct       000000
__Htemp                  temp         000000
__Htext                  text         000000
__Htext0                 text0        000000
__Htext1                 text1        000000
__Htext10                text10       000000
__Htext11                text11       000000
__Htext12                text12       000000
__Htext2                 text2        000000
__Htext3                 text3        000000
__Htext4                 text4        000000
__Htext5                 text5        000000
__Htext6                 text6        000000
__Htext7                 text7        000000
__Htext8                 text8        000000
__Htext9                 text9        000000
__LRAM                   (abs)        000001
__L__absolute__          __absolute__ 000000
__Labs1                  abs1         000000
__Lbank0                 bank0        000000
__Lbank1                 bank1        000000
__Lbank2                 bank2        000000
__Lbank3                 bank3        000000
__Lbank4                 bank4        000000
__Lbank5                 bank5        000000
__Lbank6                 bank6        000000
__Lbank7                 bank7        000000
__Lbigbss                bigbss       000000
__Lbigdata               bigdata      000000
__Lbigram                bigram       000000
__Lbigsfr                bigsfr       000000
__Lbss                   bss          000000
__LbssBANK0              bssBANK0     000000
__LbssCOMRAM             bssCOMRAM    000000
__Lcinit                 cinit        000000
__Lclrtext               clrtext      000000
__Lcomram                comram       000000
__Lconfig                config       000000
__Lconst                 const        000000
__LcstackCOMRAM          cstackCOMRAM 000000
__Ldata                  data         000000
__Leeprom_data           eeprom_data  000000
__Lfarbss                farbss       000000
__Lfardata               fardata      000000
__Lheap                  heap         000000
__Libigdata              ibigdata     000000
__Lidata                 idata        000000
__Lidloc                 idloc        000000
__Lifardata              ifardata     000000
__Linit                  init         000000
__Lintcode               intcode      000000
__Lintcode_body          intcode_body 000000
__Lintcodelo             intcodelo    000000
__Lintentry              intentry     000000
__Lintret                intret       000000
__Lintsave_regs          intsave_regs 000000
__Lirdata                irdata       000000
__Lmediumconst           mediumconst  000000
__LnvFARRAM              nvFARRAM     000000
__Lnvbit                 nvbit        000000
__Lnvrram                nvrram       000000
__Lparam                 rparam       000000
__Lpowerup               powerup      000000
__Lram                   ram          000000
__Lramtop                ramtop       000800
__Lrbit                  rbit         000000
__Lrbss                  rbss         000000
__Lrdata                 rdata        000000
__Lreset_vec             reset_vec    000000
__Lrparam                rparam       000000
__Lsfr                   sfr          000000
__Lsmallconst            smallconst   000800
__Lspace_0               (abs)        000000
__Lspace_1               (abs)        000000
__Lspace_2               (abs)        000000
__Lspace_4               (abs)        000000
__Lstack                 stack        000000
__Lstruct                struct       000000
__Ltemp                  temp         000000
__Ltext                  text         000000
__Ltext0                 text0        000000
__Ltext1                 text1        000000
__Ltext10                text10       000000
__Ltext11                text11       000000
__Ltext12                text12       000000
__Ltext2                 text2        000000
__Ltext3                 text3        000000
__Ltext4                 text4        000000
__Ltext5                 text5        000000
__Ltext6                 text6        000000
__Ltext7                 text7        000000
__Ltext8                 text8        000000
__Ltext9                 text9        000000
__S0                     (abs)        000D7A
__S1                     (abs)        000088
__S4                     (abs)        000000
__S5                     (abs)        000000
___awdiv                 text8        0009AE
___awdiv@counter         cstackCOMRAM 000005
___awdiv@dividend        cstackCOMRAM 000001
___awdiv@divisor         cstackCOMRAM 000003
___awdiv@quotient        cstackCOMRAM 000007
___awdiv@sign            cstackCOMRAM 000006
___awmod                 text7        000A72
___awmod@counter         cstackCOMRAM 000005
___awmod@dividend        cstackCOMRAM 000001
___awmod@divisor         cstackCOMRAM 000003
___awmod@sign            cstackCOMRAM 000006
___heap_hi               (abs)        000000
___heap_lo               (abs)        000000
___inthi_sp              stack        000000
___inthi_stack_hi        stack        000000
___inthi_stack_lo        stack        000000
___intlo_sp              stack        000000
___intlo_stack_hi        stack        000000
___intlo_stack_lo        stack        000000
___param_bank            (abs)        000000
___rparam_used           (abs)        000001
___sp                    stack        000000
___stack_hi              stack        000000
___stack_lo              stack        000000
__accesstop              (abs)        000060
__activetblptr           (abs)        000001
__end_of_ADC_Init        text12       000D4C
__end_of_GPIO_Init       text11       000D64
__end_of_USART_Init      text10       000D78
__end_of_USART_Transmit  text9        000C9C
__end_of___awdiv         text8        000A72
__end_of___awmod         text7        000B22
__end_of__initialization cinit        000D1C
__end_of_abs             text6        000D04
__end_of_fputc           text4        000BCC
__end_of_main            text0        000C2C
__end_of_putch           text5        000D7A
__end_of_sprintf         text1        000CD0
__end_of_vfpfcnvrt       text3        0009AE
__end_of_vfprintf        text2        000C66
__initialization         cinit        000D04
__mediumconst            mediumconst  000000
__pbssBANK0              bssBANK0     000060
__pbssCOMRAM             bssCOMRAM    00002D
__pcinit                 cinit        000D04
__pcstackCOMRAM          cstackCOMRAM 000001
__psmallconst            smallconst   000800
__ptext0                 text0        000BCC
__ptext1                 text1        000C9C
__ptext10                text10       000D64
__ptext11                text11       000D4C
__ptext12                text12       000D2A
__ptext2                 text2        000C2C
__ptext3                 text3        000806
__ptext4                 text4        000B22
__ptext5                 text5        000D78
__ptext6                 text6        000CD0
__ptext7                 text7        000A72
__ptext8                 text8        0009AE
__ptext9                 text9        000C66
__ramtop                 ramtop       000800
__smallconst             smallconst   000800
_abs                     text6        000CD0
_datos                   bssBANK0     000060
_dbuf                    bssCOMRAM    00002D
_flags                   bssCOMRAM    000051
_fputc                   text4        000B22
_main                    text0        000BCC
_prec                    bssCOMRAM    00004F
_putch                   text5        000D78
_sprintf                 text1        000C9C
_vfpfcnvrt               text3        000806
_vfprintf                text2        000C2C
_width                   bssCOMRAM    00004D
abs@a                    cstackCOMRAM 000007
end_of_initialization    cinit        000D1C
fputc@c                  cstackCOMRAM 000001
fputc@fp                 cstackCOMRAM 000003
intlevel0                text         000000
intlevel1                text         000000
intlevel2                text         000000
intlevel3                text         000000
isa$std                  (abs)        000001
isa$xinst                (abs)        000000
sprintf@ap               cstackCOMRAM 00001E
sprintf@f                cstackCOMRAM 00001F
sprintf@fmt              cstackCOMRAM 00001B
sprintf@s                cstackCOMRAM 00001A
stackhi                  (abs)        000000
stacklo                  (abs)        000000
start                    init         000000
start_initialization     cinit        000D04
vfpfcnvrt@ap             cstackCOMRAM 00000D
vfpfcnvrt@c              cstackCOMRAM 000015
vfpfcnvrt@convarg        cstackCOMRAM 000011
vfpfcnvrt@cp             cstackCOMRAM 000010
vfpfcnvrt@done           cstackCOMRAM 00000F
vfpfcnvrt@fmt            cstackCOMRAM 00000C
vfpfcnvrt@fp             cstackCOMRAM 00000B
vfprintf@ap              cstackCOMRAM 000018
vfprintf@cfmt            cstackCOMRAM 000019
vfprintf@fmt             cstackCOMRAM 000017
vfprintf@fp              cstackCOMRAM 000016


MODULE INFORMATION

Module		Function		Class		Link	Load	Size
C:\Program Files\Microchip\xc8\v2.45\pic\sources\c99\common\nf_sprintf.c
		_sprintf       		CODE           	0C9C	0000	52

C:\Program Files\Microchip\xc8\v2.45\pic\sources\c99\common\nf_sprintf.c estimated size: 52

C:\Program Files\Microchip\xc8\v2.45\pic\sources\c99\common\awmod.c
		___awmod       		CODE           	0A72	0000	176

C:\Program Files\Microchip\xc8\v2.45\pic\sources\c99\common\awmod.c estimated size: 176

C:\Program Files\Microchip\xc8\v2.45\pic\sources\c99\common\putch.c
		_putch         		CODE           	0D78	0000	2

C:\Program Files\Microchip\xc8\v2.45\pic\sources\c99\common\putch.c estimated size: 2

shared
		__initialization		CODE           	0D04	0000	24

shared estimated size: 24

C:\Program Files\Microchip\xc8\v2.45\pic\sources\c99\common\abs.c
		_abs           		CODE           	0CD0	0000	52

C:\Program Files\Microchip\xc8\v2.45\pic\sources\c99\common\abs.c estimated size: 52

xd.c
		_main          		CODE           	0BCC	0000	96
		_GPIO_Init     		CODE           	0D4C	0000	24
		_USART_Transmit		CODE           	0C66	0000	54
		_ADC_Init      		CODE           	0D2A	0000	34
		_USART_Init    		CODE           	0D64	0000	20

xd.c estimated size: 228

C:\Program Files\Microchip\xc8\v2.45\pic\sources\c99\common\nf_fputc.c
		_fputc         		CODE           	0B22	0000	170

C:\Program Files\Microchip\xc8\v2.45\pic\sources\c99\common\nf_fputc.c estimated size: 170

C:\Program Files\Microchip\xc8\v2.45\pic\sources\c99\common\doprnt.c
		_vfpfcnvrt     		CODE           	0806	0000	424
		_vfprintf      		CODE           	0C2C	0000	58

C:\Program Files\Microchip\xc8\v2.45\pic\sources\c99\common\doprnt.c estimated size: 482

C:\Program Files\Microchip\xc8\v2.45\pic\sources\c99\common\awdiv.c
		___awdiv       		CODE           	09AE	0000	196

C:\Program Files\Microchip\xc8\v2.45\pic\sources\c99\common\awdiv.c estimated size: 196

