Microchip MPLAB XC8 Compiler V2.45

Linker command line:

-W-3 \
  --edf=C:\Program Files\Microchip\xc8\v2.45\pic\dat\20230818022343_en.msgs \
  -cn -h+dist/default/production\Laboratorio3.X.production.sym \
  --cmf=dist/default/production\Laboratorio3.X.production.cmf -z -Q18F45K50 \
  -oC:\Users\Yafhers\AppData\Local\Temp\xcAsb60.\driver_tmp_3.o \
  --defsym=__MPLAB_BUILD=1 --fixupoverflow=error \
  -Mdist/default/production/Laboratorio3.X.production.map \
  --md=C:\Users\Yafhers\AppData\Local\Temp\xcAsb60.\driver_tmp_0.dat -E1 \
  -ver=XC8 Compiler --acfsm=1493 -ACODE=00h-07FFFh -ACONST=00h-07FFFh \
  -ASMALLCONST=0800h-08FFhx120 -AMEDIUMCONST=0800h-07FFFh -ACOMRAM=01h-05Fh \
  -AABS1=00h-07FFh -ABIGRAM=01h-07FFh -ARAM=060h-0FFh,0100h-01FFhx7 \
  -ABANK0=060h-0FFh -ABANK1=0100h-01FFh -ABANK2=0200h-02FFh \
  -ABANK3=0300h-03FFh -ABANK4=0400h-04FFh -ABANK5=0500h-05FFh \
  -ABANK6=0600h-06FFh -ABANK7=0700h-07FFh -ASFR=0F53h-0F5Fh,0F60h-0FFFh \
  -ABIGSFR=0F53h-0FFFh -ACONFIG=0300000h-030000Dh -AIDLOC=0200000h-0200007h \
  -AEEDATA=0F00000h-0F000FFh -peeprom_data=EEDATA \
  -preset_vec=00h,intcode=08h,intcodelo,powerup,init -pramtop=0800h \
  -psmallconst=SMALLCONST -pmediumconst=MEDIUMCONST -pconst=CONST \
  -AFARRAM=00h-00h \
  -prdata=COMRAM,nvrram=COMRAM,nvbit=COMRAM,rbss=COMRAM,rbit=COMRAM \
  -pfarbss=FARRAM,fardata=FARRAM,nvFARRAM=FARRAM \
  -pintsave_regs=BIGRAM,bigbss=BIGRAM,bigdata=BIGRAM -pbss=RAM \
  -pidata=CODE,irdata=CODE,ibigdata=CODE,ifardata=CODE -prparam=COMRAM \
  C:\Users\Yafhers\AppData\Local\Temp\xcAsb60.\driver_tmp_14.o \
  dist/default/production\Laboratorio3.X.production.o 

Object code version is 3.11

Machine type is 18F45K50



                Name                               Link     Load   Length Selector   Space Scale
C:\Users\Yafhers\AppData\Local\Temp\xcAsb60.\driver_tmp_14.o
                config                           300000   300000        E        0       4
                init                                446      446        4        4       0
                reset_vec                             0        0        4        0       0
dist/default/production\Laboratorio3.X.production.o
                intcode                               8        8      43E        4       0
                config                           300000   300000        E        0       4
                temp                                 5F       5F        1        1       1
                smallconst                          800      800       A2      400       0
                text33                             2EC8     2EC8       4C      451       0
                text32                             30D2     30D2       18     1869       0
                text31                             2E7C     2E7C       4C      451       0
                text30                             2D24     2D24       5E      451       0
                text29                             2AEE     2AEE       8A      451       0
                text28                             2330     2330      1B4      451       0
                text27                             1B74     1B74      39A      451       0
                text26                             299E     299E       AA      451       0
                text25                             25EA     25EA      104      451       0
                text24                             174A     174A      42A      451       0
                text23                             3056     3056       38      451       0
                text22                             128A     128A      4C0      451       0
                text21                             2F14     2F14       46      451       0
                text20                             24E4     24E4      106      451       0
                text19                             26EE     26EE       FE      451       0
                text18                             1F0E     1F0E      212      451       0
                text17                             2D82     2D82       56      451       0
                text16                             2E2C     2E2C       50      451       0
                text15                             30FA     30FA        2     1869       0
                text14                             28E4     28E4       BA      451       0
                text13                             2FDC     2FDC       40      451       0
                text12                             2CBE     2CBE       66      451       0
                text11                             301C     301C       3A      451       0
                text10                              8A2      8A2      9E8      451       0
                text9                              308E     308E       26      451       0
                text8                              2A48     2A48       A6      451       0
                text7                              2120     2120      210      451       0
                text6                              2F5A     2F5A       42      451       0
                text5                              2F9C     2F9C       40      451       0
                text4                              2BEA     2BEA       6E      451       0
                text2                              2DD8     2DD8       54      451       0
                text1                              2B78     2B78       72      451       0
                text0                              27EC     27EC       F8      451       0
                cstackCOMRAM                          1        1       5E        1       1
                cstackBANK0                          60       60       5B       60       1
                cstackBANK1                         160      160        E      100       1
                dataBANK1                           150      150       10      100       1
                bssBANK1                            100      100       50      100       1
                dataBANK0                            DD       DD       1D       60       1
                bssBANK0                             BB       BB       22       60       1
                cinit                              2C58     2C58       66      451       0
                idataBANK1                         30EA     30EA       10     1869       0
                idataBANK0                         30B4     30B4       1D      451       0

TOTAL           Name                               Link     Load   Length     Space
        CLASS   CODE           
                intcode                               8        8      43E         0
                init                                446      446        4         0
                reset_vec                             0        0        4         0
                text33                             2EC8     2EC8       4C         0
                text32                             30D2     30D2       18         0
                text31                             2E7C     2E7C       4C         0
                text30                             2D24     2D24       5E         0
                text29                             2AEE     2AEE       8A         0
                text28                             2330     2330      1B4         0
                text27                             1B74     1B74      39A         0
                text26                             299E     299E       AA         0
                text25                             25EA     25EA      104         0
                text24                             174A     174A      42A         0
                text23                             3056     3056       38         0
                text22                             128A     128A      4C0         0
                text21                             2F14     2F14       46         0
                text20                             24E4     24E4      106         0
                text19                             26EE     26EE       FE         0
                text18                             1F0E     1F0E      212         0
                text17                             2D82     2D82       56         0
                text16                             2E2C     2E2C       50         0
                text15                             30FA     30FA        2         0
                text14                             28E4     28E4       BA         0
                text13                             2FDC     2FDC       40         0
                text12                             2CBE     2CBE       66         0
                text11                             301C     301C       3A         0
                text10                              8A2      8A2      9E8         0
                text9                              308E     308E       26         0
                text8                              2A48     2A48       A6         0
                text7                              2120     2120      210         0
                text6                              2F5A     2F5A       42         0
                text5                              2F9C     2F9C       40         0
                text4                              2BEA     2BEA       6E         0
                text2                              2DD8     2DD8       54         0
                text1                              2B78     2B78       72         0
                text0                              27EC     27EC       F8         0
                cinit                              2C58     2C58       66         0
                idataBANK1                         30EA     30EA       10         0
                idataBANK0                         30B4     30B4       1D         0

        CLASS   CONST          

        CLASS   SMALLCONST     
                smallconst                          800      800       A2         0

        CLASS   MEDIUMCONST    

        CLASS   COMRAM         
                temp                                 5F       5F        1         1
                cstackCOMRAM                          1        1       5E         1

        CLASS   ABS1           

        CLASS   BIGRAM         

        CLASS   RAM            

        CLASS   BANK0          
                cstackBANK0                          60       60       5B         1
                dataBANK0                            DD       DD       1D         1
                bssBANK0                             BB       BB       22         1

        CLASS   BANK1          
                cstackBANK1                         160      160        E         1
                dataBANK1                           150      150       10         1
                bssBANK1                            100      100       50         1

        CLASS   BANK2          

        CLASS   BANK3          

        CLASS   BANK4          

        CLASS   BANK5          

        CLASS   BANK6          

        CLASS   BANK7          

        CLASS   SFR            

        CLASS   BIGSFR         

        CLASS   CONFIG         
                config                           300000   300000        E         4

        CLASS   IDLOC          

        CLASS   EEDATA         

        CLASS   FARRAM         

        CLASS   HEAP           

        CLASS   STACK          



SEGMENTS        Name                           Load    Length   Top    Selector   Space  Class

                reset_vec                      000000  000004  000004         0       0  CODE    
                cstackCOMRAM                   000001  00005F  000060         1       1  COMRAM  
                intcode                        000008  000442  00044A         4       0  CODE    
                cstackBANK0                    000060  00009A  0000FA        60       1  BANK0   
                bssBANK1                       000100  00006E  00016E       100       1  BANK1   
                smallconst                     000800  0000A2  0008A2       400       0  SMALLCON
                text10                         0008A2  00282F  0030D1       451       0  CODE    
                text32                         0030D2  00002A  0030FC      1869       0  CODE    


UNUSED ADDRESS RANGES

        Name                Unused          Largest block    Delta
        BANK0            0000FA-0000FF                6
        BANK1            00016E-0001FF               92
        BANK2            000200-0002FF              100
        BANK3            000300-0003FF              100
        BANK4            000400-0004FF              100
        BANK5            000500-0005FF              100
        BANK6            000600-0006FF              100
        BANK7            000700-0007FF              100
        BIGRAM           0000FA-0000FF                6
                         00016E-0007FF              692
        BIGSFR           000F53-000FFF               AD
        CODE             000004-000007                4
                         00044A-0007FF              3B6
                         0030D1-0030D1                1
                         0030FC-007FFF             4F04
        CONST            000004-000007                4
                         00044A-0007FF              3B6
                         0030D1-0030D1                1
                         0030FC-007FFF             4F04
        EEDATA           F00000-F000FF              100
        IDLOC            200000-200007                8
        MEDIUMCONST      0030D1-0030D1                1
                         0030FC-007FFF             4F04
        RAM              0000FA-0000FF                6
                         00016E-0007FF              100
        SFR              000F53-000FFF                D
        SMALLCONST       0030D1-0030D1                1
                         0030FC-007FFF              100

                                  Symbol Table

?___fladd                   cstackCOMRAM 000001
?___fldiv                   cstackCOMRAM 000028
?___flmul                   cstackCOMRAM 00000F
?___flneg                   cstackCOMRAM 000001
?___flsub                   cstackCOMRAM 000028
?___fltol                   cstackCOMRAM 000001
?___fpclassifyf             cstackCOMRAM 000001
?___wmul                    cstackCOMRAM 000001
?___xxtofl                  cstackCOMRAM 000001
?_floorf                    cstackCOMRAM 000041
?_labs                      cstackCOMRAM 000001
?_read_prec_or_width        cstackCOMRAM 000007
?_sprintf                   cstackBANK0  000099
?_vfprintf                  cstackBANK0  000095
ISR_TIMER_0@temp            cstackBANK1  000165
ISR_TIMER_0@valor           cstackBANK1  000160
LCD_Cadena@msg              cstackCOMRAM 000003
LCD_Comando@cmd             cstackBANK1  00016A
LCD_Data@dat                cstackCOMRAM 000002
LCD_GotoXY@columna          cstackCOMRAM 000003
LCD_GotoXY@fila             cstackCOMRAM 000006
LCD_GotoXY@posicion         cstackCOMRAM 000007
_ADCON0                     (abs)        000FC2
_ADCON0bits                 (abs)        000FC2
_ADCON1                     (abs)        000FC1
_ADCON2                     (abs)        000FC0
_ADRESH                     (abs)        000FC4
_ANSELA                     (abs)        000F5B
_ANSELB                     (abs)        000F5C
_ANSELD                     (abs)        000F5E
_ANSELEbits                 (abs)        000F5F
_INTCON2bits                (abs)        000FF1
_INTCONbits                 (abs)        000FF2
_ISR_TIMER_0                intcode      000008
_LATA                       (abs)        000F89
_LATB                       (abs)        000F8A
_LATD                       (abs)        000F8C
_LATD0                      (abs)        007C60
_LATD2                      (abs)        007C62
_LATDbits                   (abs)        000F8C
_LCD_Borrar                 text32       0030D2
_LCD_Cadena                 text30       002D24
_LCD_Comando                text2        002DD8
_LCD_Data                   text31       002E7C
_LCD_GotoXY                 text29       002AEE
_LCD_Inicio                 text1        002B78
_OSCCON                     (abs)        000FD3
_OSCCON2                    (abs)        000FD2
_PORTB                      (abs)        000F81
_PORTBbits                  (abs)        000F81
_T0CONbits                  (abs)        000FD5
_TMR0                       (abs)        000FD6
_TRISA                      (abs)        000F92
_TRISB                      (abs)        000F93
_TRISD                      (abs)        000F95
_TRISEbits                  (abs)        000F96
__HRAM                      (abs)        000000
__H__absolute__             __absolute__ 000000
__Habs1                     abs1         000000
__Hbank0                    bank0        000000
__Hbank1                    bank1        000000
__Hbank2                    bank2        000000
__Hbank3                    bank3        000000
__Hbank4                    bank4        000000
__Hbank5                    bank5        000000
__Hbank6                    bank6        000000
__Hbank7                    bank7        000000
__Hbigbss                   bigbss       000000
__Hbigdata                  bigdata      000000
__Hbigram                   bigram       000000
__Hbigsfr                   bigsfr       000000
__Hbss                      bss          000000
__HbssBANK0                 bssBANK0     000000
__HbssBANK1                 bssBANK1     000000
__Hcinit                    cinit        000000
__Hclrtext                  clrtext      000000
__Hcomram                   comram       000000
__Hconfig                   config       30000E
__Hconst                    const        000000
__HcstackBANK0              cstackBANK0  000000
__HcstackBANK1              cstackBANK1  000000
__HcstackCOMRAM             cstackCOMRAM 000000
__Hdata                     data         000000
__HdataBANK0                dataBANK0    000000
__HdataBANK1                dataBANK1    000000
__Heeprom_data              eeprom_data  000000
__Hfarbss                   farbss       000000
__Hfardata                  fardata      000000
__Hheap                     heap         000000
__Hibigdata                 ibigdata     000000
__Hidata                    idata        000000
__HidataBANK0               idataBANK0   000000
__HidataBANK1               idataBANK1   000000
__Hidloc                    idloc        000000
__Hifardata                 ifardata     000000
__Hinit                     init         00044A
__Hintcode                  intcode      000446
__Hintcode_body             intcode_body 000000
__Hintcodelo                intcodelo    000446
__Hintentry                 intentry     000000
__Hintret                   intret       000000
__Hintsave_regs             intsave_regs 000000
__Hirdata                   irdata       000000
__Hmediumconst              mediumconst  000000
__HnvFARRAM                 nvFARRAM     000000
__Hnvbit                    nvbit        000000
__Hnvrram                   nvrram       000000
__Hparam                    rparam       000000
__Hpowerup                  powerup      000446
__Hram                      ram          000000
__Hramtop                   ramtop       000800
__Hrbit                     rbit         000000
__Hrbss                     rbss         000000
__Hrdata                    rdata        000000
__Hreset_vec                reset_vec    000004
__Hrparam                   rparam       000000
__Hsfr                      sfr          000000
__Hsmallconst               smallconst   0008A2
__Hspace_0                  (abs)        0030FC
__Hspace_1                  (abs)        00016E
__Hspace_2                  (abs)        000000
__Hspace_4                  (abs)        60000E
__Hstack                    stack        000000
__Hstruct                   struct       000000
__Htemp                     temp         000060
__Htext                     text         000000
__Htext0                    text0        000000
__Htext1                    text1        000000
__Htext10                   text10       000000
__Htext11                   text11       000000
__Htext12                   text12       000000
__Htext13                   text13       000000
__Htext14                   text14       000000
__Htext15                   text15       000000
__Htext16                   text16       000000
__Htext17                   text17       000000
__Htext18                   text18       000000
__Htext19                   text19       000000
__Htext2                    text2        000000
__Htext20                   text20       000000
__Htext21                   text21       000000
__Htext22                   text22       000000
__Htext23                   text23       000000
__Htext24                   text24       000000
__Htext25                   text25       000000
__Htext26                   text26       000000
__Htext27                   text27       000000
__Htext28                   text28       000000
__Htext29                   text29       000000
__Htext30                   text30       000000
__Htext31                   text31       000000
__Htext32                   text32       000000
__Htext33                   text33       000000
__Htext4                    text4        000000
__Htext5                    text5        000000
__Htext6                    text6        000000
__Htext7                    text7        000000
__Htext8                    text8        000000
__Htext9                    text9        000000
__LRAM                      (abs)        000001
__L__absolute__             __absolute__ 000000
__Labs1                     abs1         000000
__Lbank0                    bank0        000000
__Lbank1                    bank1        000000
__Lbank2                    bank2        000000
__Lbank3                    bank3        000000
__Lbank4                    bank4        000000
__Lbank5                    bank5        000000
__Lbank6                    bank6        000000
__Lbank7                    bank7        000000
__Lbigbss                   bigbss       000000
__Lbigdata                  bigdata      000000
__Lbigram                   bigram       000000
__Lbigsfr                   bigsfr       000000
__Lbss                      bss          000000
__LbssBANK0                 bssBANK0     000000
__LbssBANK1                 bssBANK1     000000
__Lcinit                    cinit        000000
__Lclrtext                  clrtext      000000
__Lcomram                   comram       000000
__Lconfig                   config       000000
__Lconst                    const        000000
__LcstackBANK0              cstackBANK0  000000
__LcstackBANK1              cstackBANK1  000000
__LcstackCOMRAM             cstackCOMRAM 000000
__Ldata                     data         000000
__LdataBANK0                dataBANK0    000000
__LdataBANK1                dataBANK1    000000
__Leeprom_data              eeprom_data  000000
__Lfarbss                   farbss       000000
__Lfardata                  fardata      000000
__Lheap                     heap         000000
__Libigdata                 ibigdata     000000
__Lidata                    idata        000000
__LidataBANK0               idataBANK0   000000
__LidataBANK1               idataBANK1   000000
__Lidloc                    idloc        000000
__Lifardata                 ifardata     000000
__Linit                     init         000446
__Lintcode                  intcode      000008
__Lintcode_body             intcode_body 000000
__Lintcodelo                intcodelo    000446
__Lintentry                 intentry     000000
__Lintret                   intret       000000
__Lintsave_regs             intsave_regs 000000
__Lirdata                   irdata       000000
__Lmediumconst              mediumconst  000000
__LnvFARRAM                 nvFARRAM     000000
__Lnvbit                    nvbit        000000
__Lnvrram                   nvrram       000000
__Lparam                    rparam       000000
__Lpowerup                  powerup      000446
__Lram                      ram          000000
__Lramtop                   ramtop       000800
__Lrbit                     rbit         000000
__Lrbss                     rbss         000000
__Lrdata                    rdata        000000
__Lreset_vec                reset_vec    000000
__Lrparam                   rparam       000000
__Lsfr                      sfr          000000
__Lsmallconst               smallconst   000800
__Lspace_0                  (abs)        000000
__Lspace_1                  (abs)        000000
__Lspace_2                  (abs)        000000
__Lspace_4                  (abs)        000000
__Lstack                    stack        000000
__Lstruct                   struct       000000
__Ltemp                     temp         00005F
__Ltext                     text         000000
__Ltext0                    text0        000000
__Ltext1                    text1        000000
__Ltext10                   text10       000000
__Ltext11                   text11       000000
__Ltext12                   text12       000000
__Ltext13                   text13       000000
__Ltext14                   text14       000000
__Ltext15                   text15       000000
__Ltext16                   text16       000000
__Ltext17                   text17       000000
__Ltext18                   text18       000000
__Ltext19                   text19       000000
__Ltext2                    text2        000000
__Ltext20                   text20       000000
__Ltext21                   text21       000000
__Ltext22                   text22       000000
__Ltext23                   text23       000000
__Ltext24                   text24       000000
__Ltext25                   text25       000000
__Ltext26                   text26       000000
__Ltext27                   text27       000000
__Ltext28                   text28       000000
__Ltext29                   text29       000000
__Ltext30                   text30       000000
__Ltext31                   text31       000000
__Ltext32                   text32       000000
__Ltext33                   text33       000000
__Ltext4                    text4        000000
__Ltext5                    text5        000000
__Ltext6                    text6        000000
__Ltext7                    text7        000000
__Ltext8                    text8        000000
__Ltext9                    text9        000000
__S0                        (abs)        0030FC
__S1                        (abs)        00016E
__S4                        (abs)        000000
__S5                        (abs)        000000
___fladd                    text22       00128A
___fladd@a                  cstackCOMRAM 000005
___fladd@aexp               cstackCOMRAM 00000E
___fladd@b                  cstackCOMRAM 000001
___fladd@bexp               cstackCOMRAM 00000F
___fladd@grs                cstackCOMRAM 000010
___fladd@signs              cstackCOMRAM 00000D
___fldiv                    text27       001B74
___fldiv@a                  cstackCOMRAM 00002C
___fldiv@aexp               cstackCOMRAM 000040
___fldiv@b                  cstackCOMRAM 000028
___fldiv@bexp               cstackCOMRAM 00003F
___fldiv@grs                cstackCOMRAM 00003B
___fldiv@new_exp            cstackCOMRAM 000039
___fldiv@rem                cstackCOMRAM 000034
___fldiv@sign               cstackCOMRAM 000038
___fleq                     text26       00299E
___fleq@ff1                 cstackCOMRAM 000001
___fleq@ff2                 cstackCOMRAM 000005
___flge                     text25       0025EA
___flge@ff1                 cstackCOMRAM 000028
___flge@ff2                 cstackCOMRAM 00002C
___flmul                    text24       00174A
___flmul@a                  cstackCOMRAM 000013
___flmul@aexp               cstackCOMRAM 00001C
___flmul@b                  cstackCOMRAM 00000F
___flmul@bexp               cstackCOMRAM 000021
___flmul@grs                cstackCOMRAM 00001D
___flmul@prod               cstackCOMRAM 000022
___flmul@sign               cstackCOMRAM 00001B
___flmul@temp               cstackCOMRAM 000026
___flneg                    text23       003056
___flneg@f1                 cstackCOMRAM 000001
___flsub                    text21       002F14
___flsub@a                  cstackCOMRAM 00002C
___flsub@b                  cstackCOMRAM 000028
___fltol                    text20       0024E4
___fltol@exp1               cstackCOMRAM 00000A
___fltol@f1                 cstackCOMRAM 000001
___fltol@sign1              cstackCOMRAM 000009
___fpclassifyf              text19       0026EE
___fpclassifyf@F465         bssBANK0     0000BF
___fpclassifyf@e            cstackCOMRAM 000009
___fpclassifyf@u            cstackCOMRAM 00000B
___fpclassifyf@x            cstackCOMRAM 000001
___heap_hi                  (abs)        000000
___heap_lo                  (abs)        000000
___inthi_sp                 stack        000000
___inthi_stack_hi           stack        000000
___inthi_stack_lo           stack        000000
___intlo_sp                 stack        000000
___intlo_stack_hi           stack        000000
___intlo_stack_lo           stack        000000
___param_bank               (abs)        000000
___rparam_used              (abs)        000001
___sp                       stack        000000
___stack_hi                 stack        000000
___stack_lo                 stack        000000
___wmul                     text9        00308E
___wmul@multiplicand        cstackCOMRAM 000003
___wmul@multiplier          cstackCOMRAM 000001
___wmul@product             cstackCOMRAM 000005
___xxtofl                   text28       002330
___xxtofl@arg               cstackCOMRAM 00000B
___xxtofl@exp               cstackCOMRAM 00000A
___xxtofl@sign              cstackCOMRAM 000009
___xxtofl@val               cstackCOMRAM 000001
__accesstop                 (abs)        000060
__activetblptr              (abs)        000002
__end_of_ISR_TIMER_0        intcode      000446
__end_of_LCD_Borrar         text32       0030EA
__end_of_LCD_Cadena         text30       002D82
__end_of_LCD_Comando        text2        002E2C
__end_of_LCD_Data           text31       002EC8
__end_of_LCD_GotoXY         text29       002B78
__end_of_LCD_Inicio         text1        002BEA
__end_of___fladd            text22       00174A
__end_of___fldiv            text27       001F0E
__end_of___fleq             text26       002A48
__end_of___flge             text25       0026EE
__end_of___flmul            text24       001B74
__end_of___flneg            text23       00308E
__end_of___flsub            text21       002F5A
__end_of___fltol            text20       0025EA
__end_of___fpclassifyf      text19       0027EC
__end_of___wmul             text9        0030B4
__end_of___xxtofl           text28       0024E4
__end_of__initialization    cinit        002CB0
__end_of_bit1               smallconst   000861
__end_of_bit2               smallconst   000851
__end_of_bit3               smallconst   000841
__end_of_bit4               smallconst   000831
__end_of_bit5               smallconst   000821
__end_of_bit6               smallconst   000811
__end_of_efgtoa             text10       00128A
__end_of_floorf             text18       002120
__end_of_fputc              text14       00299E
__end_of_fputs              text13       00301C
__end_of_labs               text17       002DD8
__end_of_main               text0        0028E4
__end_of_memcpy             text16       002E7C
__end_of_pad                text12       002D24
__end_of_putch              text15       0030FC
__end_of_read_prec_or_width text8        002AEE
__end_of_sprintf            text5        002FDC
__end_of_strcpy             text11       003056
__end_of_vfpfcnvrt          text7        002330
__end_of_vfprintf           text6        002F9C
__end_ofi2_LCD_Comando      text33       002F14
__end_ofi2_LCD_Inicio       text4        002C58
__initialization            cinit        002C58
__mediumconst               mediumconst  000000
__pbssBANK0                 bssBANK0     0000BB
__pbssBANK1                 bssBANK1     000100
__pcinit                    cinit        002C58
__pcstackBANK0              cstackBANK0  000060
__pcstackBANK1              cstackBANK1  000160
__pcstackCOMRAM             cstackCOMRAM 000001
__pdataBANK0                dataBANK0    0000DD
__pdataBANK1                dataBANK1    000150
__pidataBANK0               idataBANK0   0030B4
__pidataBANK1               idataBANK1   0030EA
__pintcode                  intcode      000008
__psmallconst               smallconst   000800
__ptext0                    text0        0027EC
__ptext1                    text1        002B78
__ptext10                   text10       0008A2
__ptext11                   text11       00301C
__ptext12                   text12       002CBE
__ptext13                   text13       002FDC
__ptext14                   text14       0028E4
__ptext15                   text15       0030FA
__ptext16                   text16       002E2C
__ptext17                   text17       002D82
__ptext18                   text18       001F0E
__ptext19                   text19       0026EE
__ptext2                    text2        002DD8
__ptext20                   text20       0024E4
__ptext21                   text21       002F14
__ptext22                   text22       00128A
__ptext23                   text23       003056
__ptext24                   text24       00174A
__ptext25                   text25       0025EA
__ptext26                   text26       00299E
__ptext27                   text27       001B74
__ptext28                   text28       002330
__ptext29                   text29       002AEE
__ptext30                   text30       002D24
__ptext31                   text31       002E7C
__ptext32                   text32       0030D2
__ptext33                   text33       002EC8
__ptext4                    text4        002BEA
__ptext5                    text5        002F9C
__ptext6                    text6        002F5A
__ptext7                    text7        002120
__ptext8                    text8        002A48
__ptext9                    text9        00308E
__ramtop                    ramtop       000800
__smallconst                smallconst   000800
_bit1                       smallconst   000851
_bit2                       smallconst   000841
_bit3                       smallconst   000831
_bit4                       smallconst   000821
_bit5                       smallconst   000811
_bit6                       smallconst   000801
_cont1                      bssBANK0     0000D5
_cont2                      bssBANK0     0000D3
_contador                   bssBANK0     0000CB
_cuenta                     bssBANK0     0000CD
_dbuf                       bssBANK1     000100
_dispctrl                   bssBANK0     0000DA
_display                    dataBANK1    000150
_efgtoa                     text10       0008A2
_efgtoa$1069                cstackBANK0  000066
_fantastico                 dataBANK0    0000F5
_fila                       bssBANK0     0000DB
_flag                       bssBANK0     0000CF
_flag1                      dataBANK0    0000F9
_flag3                      dataBANK0    0000F8
_flag4                      dataBANK0    0000F7
_flag5                      dataBANK0    0000F6
_flags                      bssBANK0     0000D9
_floorf                     text18       001F0E
_fputc                      text14       0028E4
_fputs                      text13       002FDC
_i                          dataBANK0    0000F1
_intervalo                  dataBANK0    0000F3
_labs                       text17       002D82
_main                       text0        0027EC
_memcpy                     text16       002E2C
_num_muestras               bssBANK0     0000D1
_pad                        text12       002CBE
_prec                       bssBANK0     0000C9
_putch                      text15       0030FA
_read_prec_or_width         text8        002A48
_scan                       dataBANK0    0000ED
_sprintf                    text5        002F9C
_strcpy                     text11       00301C
_tecla                      bssBANK0     0000DC
_teclado                    dataBANK0    0000DD
_temp                       bssBANK0     0000D7
_temperatura                bssBANK0     0000C3
_vfpfcnvrt                  text7        002120
_vfprintf                   text6        002F5A
_width                      bssBANK0     0000C7
btemp                       temp         00005F
efgtoa@c                    cstackCOMRAM 00005A
efgtoa@d                    cstackBANK0  00006B
efgtoa@e                    cstackBANK0  00006F
efgtoa@f                    cstackCOMRAM 000056
efgtoa@fp                   cstackCOMRAM 000055
efgtoa@g                    cstackBANK0  000082
efgtoa@h                    cstackBANK0  000079
efgtoa@i                    cstackBANK0  000077
efgtoa@l                    cstackBANK0  00007D
efgtoa@m                    cstackBANK0  00006D
efgtoa@mode                 cstackBANK0  000069
efgtoa@n                    cstackBANK0  000086
efgtoa@ne                   cstackBANK0  000060
efgtoa@nmode                cstackBANK0  00006A
efgtoa@ou                   cstackBANK0  000073
efgtoa@p                    cstackBANK0  000062
efgtoa@pp                   cstackBANK0  000068
efgtoa@sign                 cstackBANK0  000081
efgtoa@t                    cstackBANK0  000064
efgtoa@u                    cstackBANK0  000088
efgtoa@w                    cstackBANK0  000071
end_of_initialization       cinit        002CB0
floorf@F521                 bssBANK0     0000BB
floorf@e                    cstackCOMRAM 00004F
floorf@m                    cstackCOMRAM 00004B
floorf@u                    cstackCOMRAM 000051
floorf@x                    cstackCOMRAM 000041
fputc@c                     cstackCOMRAM 000001
fputc@fp                    cstackCOMRAM 000003
fputs@c                     cstackCOMRAM 00000C
fputs@fp                    cstackCOMRAM 00000B
fputs@i                     cstackCOMRAM 00000D
fputs@s                     cstackCOMRAM 000009
i2LCD_Comando@cmd           cstackCOMRAM 000002
i2_LCD_Comando              text33       002EC8
i2_LCD_Inicio               text4        002BEA
int$flags                   temp         00005F
intlevel0                   text         000000
intlevel1                   text         000000
intlevel2                   text         000000
intlevel3                   text         000000
isa$std                     (abs)        000001
isa$xinst                   (abs)        000000
labs@a                      cstackCOMRAM 000001
memcpy@d                    cstackCOMRAM 000008
memcpy@d1                   cstackCOMRAM 000001
memcpy@n                    cstackCOMRAM 000005
memcpy@s                    cstackCOMRAM 00000A
memcpy@s1                   cstackCOMRAM 000003
memcpy@tmp                  cstackCOMRAM 000007
pad@buf                     cstackCOMRAM 000010
pad@fp                      cstackCOMRAM 00000F
pad@i                       cstackCOMRAM 000015
pad@p                       cstackCOMRAM 000012
read_prec_or_width@ap       cstackCOMRAM 000008
read_prec_or_width@c        cstackCOMRAM 000009
read_prec_or_width@fmt      cstackCOMRAM 000007
read_prec_or_width@n        cstackCOMRAM 00000A
sprintf@ap                  cstackBANK0  0000A0
sprintf@f                   cstackBANK0  0000A1
sprintf@fmt                 cstackBANK0  00009B
sprintf@s                   cstackBANK0  000099
stackhi                     (abs)        000000
stacklo                     (abs)        000000
start                       init         000446
start_initialization        cinit        002C58
strcpy@d                    cstackCOMRAM 000005
strcpy@dest                 cstackCOMRAM 000001
strcpy@src                  cstackCOMRAM 000003
ttemp5                      temp         000060
ttemp6                      temp         000063
ttemp7                      temp         000067
vfpfcnvrt@ap                cstackBANK0  00008E
vfpfcnvrt@c                 cstackBANK0  000093
vfpfcnvrt@convarg           cstackBANK0  00008F
vfpfcnvrt@cp                cstackBANK0  000094
vfpfcnvrt@fmt               cstackBANK0  00008D
vfpfcnvrt@fp                cstackBANK0  00008C
vfprintf@ap                 cstackBANK0  000097
vfprintf@cfmt               cstackBANK0  000098
vfprintf@fmt                cstackBANK0  000096
vfprintf@fp                 cstackBANK0  000095
wtemp8                      temp         000060


MODULE INFORMATION

Module		Function		Class		Link	Load	Size
C:\Program Files\Microchip\xc8\v2.45\pic\sources\c99\common\Umul16.c
		___wmul        		CODE           	308E	0000	38

C:\Program Files\Microchip\xc8\v2.45\pic\sources\c99\common\Umul16.c estimated size: 38

C:\Program Files\Microchip\xc8\v2.45\pic\sources\c99\common\fleq.c
		___fleq        		CODE           	299E	0000	170

C:\Program Files\Microchip\xc8\v2.45\pic\sources\c99\common\fleq.c estimated size: 170

C:\Program Files\Microchip\xc8\v2.45\pic\sources\c99\common\memcpy.c
		_memcpy        		CODE           	2E2C	0000	80

C:\Program Files\Microchip\xc8\v2.45\pic\sources\c99\common\memcpy.c estimated size: 80

C:\Program Files\Microchip\xc8\v2.45\pic\sources\c99\common\flneg.c
		___flneg       		CODE           	3056	0000	56

C:\Program Files\Microchip\xc8\v2.45\pic\sources\c99\common\flneg.c estimated size: 56

C:\Program Files\Microchip\xc8\v2.45\pic\sources\c99\common\sprcmul.c
		___flmul       		CODE           	174A	0000	1066

C:\Program Files\Microchip\xc8\v2.45\pic\sources\c99\common\sprcmul.c estimated size: 1066

C:\Program Files\Microchip\xc8\v2.45\pic\sources\c99\common\labs.c
		_labs          		CODE           	2D82	0000	86

C:\Program Files\Microchip\xc8\v2.45\pic\sources\c99\common\labs.c estimated size: 86

C:\Program Files\Microchip\xc8\v2.45\pic\sources\c99\common\nf_fputs.c
		_fputs         		CODE           	2FDC	0000	64

C:\Program Files\Microchip\xc8\v2.45\pic\sources\c99\common\nf_fputs.c estimated size: 64

C:\Program Files\Microchip\xc8\v2.45\pic\sources\c99\common\sprcdiv.c
		___fldiv       		CODE           	1B74	0000	922

C:\Program Files\Microchip\xc8\v2.45\pic\sources\c99\common\sprcdiv.c estimated size: 922

C:\Program Files\Microchip\xc8\v2.45\pic\sources\c99\common\floorf.c
		_floorf        		CODE           	1F0E	0000	530

C:\Program Files\Microchip\xc8\v2.45\pic\sources\c99\common\floorf.c estimated size: 530

C:\Program Files\Microchip\xc8\v2.45\pic\sources\c99\common\nf_sprintf.c
		_sprintf       		CODE           	2F9C	0000	64

C:\Program Files\Microchip\xc8\v2.45\pic\sources\c99\common\nf_sprintf.c estimated size: 64

C:\Program Files\Microchip\xc8\v2.45\pic\sources\c99\common\putch.c
		_putch         		CODE           	30FA	0000	2

C:\Program Files\Microchip\xc8\v2.45\pic\sources\c99\common\putch.c estimated size: 2

C:\Program Files\Microchip\xc8\v2.45\pic\sources\c99\common\flge.c
		___flge        		CODE           	25EA	0000	260

C:\Program Files\Microchip\xc8\v2.45\pic\sources\c99\common\flge.c estimated size: 260

shared
		_bit6          		SMALLCONST     	0801	0000	16
		i2_LCD_Comando 		CODE           	2EC8	0000	76
		i2_LCD_Inicio  		CODE           	2BEA	0000	110
		__initialization		CODE           	2C58	0000	88
		_bit1          		SMALLCONST     	0851	0000	16
		_bit2          		SMALLCONST     	0841	0000	16
		_bit3          		SMALLCONST     	0831	0000	16
		_bit4          		SMALLCONST     	0821	0000	16
		_bit5          		SMALLCONST     	0811	0000	16

shared estimated size: 370

C:\Program Files\Microchip\xc8\v2.45\pic\sources\c99\common\xxtofl.c
		___xxtofl      		CODE           	2330	0000	436

C:\Program Files\Microchip\xc8\v2.45\pic\sources\c99\common\xxtofl.c estimated size: 436

C:\Program Files\Microchip\xc8\v2.45\pic\sources\c99\common\__fpclassifyf.c
		___fpclassifyf 		CODE           	26EE	0000	254

C:\Program Files\Microchip\xc8\v2.45\pic\sources\c99\common\__fpclassifyf.c estimated size: 254

C:\Program Files\Microchip\xc8\v2.45\pic\sources\c99\common\strcpy.c
		_strcpy        		CODE           	301C	0000	58

C:\Program Files\Microchip\xc8\v2.45\pic\sources\c99\common\strcpy.c estimated size: 58

C:\Program Files\Microchip\xc8\v2.45\pic\sources\c99\common\sprcadd.c
		___flsub       		CODE           	2F14	0000	70
		___fladd       		CODE           	128A	0000	1216

C:\Program Files\Microchip\xc8\v2.45\pic\sources\c99\common\sprcadd.c estimated size: 1286

main.c
		_LCD_Inicio    		CODE           	2B78	0000	114
		_LCD_Cadena    		CODE           	2D24	0000	94
		_LCD_Comando   		CODE           	2DD8	0000	84
		_LCD_Data      		CODE           	2E7C	0000	76
		_main          		CODE           	27EC	0000	248
		_LCD_Borrar    		CODE           	30D2	0000	24
		_LCD_GotoXY    		CODE           	2AEE	0000	138
		_ISR_TIMER_0   		CODE           	0008	0000	1086

main.c estimated size: 1864

C:\Program Files\Microchip\xc8\v2.45\pic\sources\c99\common\nf_fputc.c
		_fputc         		CODE           	28E4	0000	186

C:\Program Files\Microchip\xc8\v2.45\pic\sources\c99\common\nf_fputc.c estimated size: 186

C:\Program Files\Microchip\xc8\v2.45\pic\sources\c99\common\doprnt.c
		_read_prec_or_width		CODE           	2A48	0000	166
		_vfpfcnvrt     		CODE           	2120	0000	528
		_efgtoa        		CODE           	08A2	0000	2536
		_pad           		CODE           	2CBE	0000	102
		_vfprintf      		CODE           	2F5A	0000	66

C:\Program Files\Microchip\xc8\v2.45\pic\sources\c99\common\doprnt.c estimated size: 3398

C:\Program Files\Microchip\xc8\v2.45\pic\sources\c99\common\fltol.c
		___fltol       		CODE           	24E4	0000	262

C:\Program Files\Microchip\xc8\v2.45\pic\sources\c99\common\fltol.c estimated size: 262

